📚 准备批量查询 97 个语法点

[1/97] 查询: に際して
  ✅ AI生成 (1004 字符)
[2/97] 查询: に先立って
  ✅ AI生成 (596 字符)
[3/97] 查询: 名の/v原+際は/際に
  ✅ AI生成 (829 字符)
[4/97] 查询: に限らず
  ✅ AI生成 (698 字符)
[5/97] 查询: 名の/vてる+最中に
  ✅ AI生成 (900 字符)
[6/97] 查询: 形1/形2な+限りだ
  ✅ AI生成 (653 字符)
[7/97] 查询: だけのことだ
  ✅ AI生成 (1004 字符)
[8/97] 查询: v原+見込みだ
  ✅ AI生成 (706 字符)
[9/97] 查询: 名+(あって)の+名
  ✅ AI生成 (791 字符)
[10/97] 查询: 名+(たる)+名
  ✅ AI生成 (737 字符)
[11/97] 查询: ～てこそ
  ✅ AI生成 (833 字符)
[12/97] 查询: ～せいか
  ✅ AI生成 (656 字符)
[13/97] 查询: vた+ことにしては
  ✅ AI生成 (855 字符)
[14/97] 查询: ～としても/～とて
  ✅ AI生成 (874 字符)
[15/97] 查询: にかかわらず
  ✅ AI生成 (948 字符)
[16/97] 查询: 思いをする
  ✅ AI生成 (759 字符)
[17/97] 查询: はずだった
  ✅ AI生成 (1040 字符)
[18/97] 查询: とは限らない
  ✅ AI生成 (800 字符)
[19/97] 查询: ～限りでは
  ✅ AI生成 (767 字符)
[20/97] 查询: 誇りに思う
  ✅ AI生成 (673 字符)
[21/97] 查询: ～しか～ない
  ✅ AI生成 (840 字符)
[22/97] 查询: 名+そのもの/形2词干+そのもの
  ✅ AI生成 (793 字符)
[23/97] 查询: ～間
  ✅ AI生成 (982 字符)
[24/97] 查询: としたら
  ✅ AI生成 (789 字符)
[25/97] 查询: ～ようにする
  ✅ AI生成 (912 字符)
[26/97] 查询: ～ようにしている
  ✅ AI生成 (979 字符)
[27/97] 查询: んじゃないか
  ✅ AI生成 (1172 字符)
[28/97] 查询: 〜だの〜だの
  ✅ AI生成 (833 字符)
[29/97] 查询: 〜を受けて
  ✅ AI生成 (817 字符)
[30/97] 查询: 〜に限って
  ✅ AI生成 (705 字符)
[31/97] 查询: 〜にわたって
  ✅ AI生成 (948 字符)
[32/97] 查询: 〜なくはない
  ✅ AI生成 (1007 字符)
[33/97] 查询: 〜か〜ないか
  ✅ AI生成 (722 字符)
[34/97] 查询: 〜ようが〜まいが
  ✅ AI生成 (827 字符)
[35/97] 查询: 〜てたまらない
  ✅ AI生成 (971 字符)
[36/97] 查询: 〜てばかりだ
  ✅ AI生成 (705 字符)
[37/97] 查询: 〜そうだ
  ✅ AI生成 (1163 字符)
[38/97] 查询: 〜たきり
  ✅ AI生成 (688 字符)
[39/97] 查询: 〜（よ）うとも
  ✅ AI生成 (924 字符)
[40/97] 查询: 〜を最後に
  ✅ AI生成 (771 字符)
[41/97] 查询: 〜たが最後
  ✅ AI生成 (699 字符)
[42/97] 查询: 〜ものを
  ✅ AI生成 (873 字符)
[43/97] 查询: もの/もん
  ✅ AI生成 (748 字符)
[44/97] 查询: あての
  ✅ AI生成 (672 字符)
[45/97] 查询: いかんで/いかんでは/いかんによって
  ✅ AI生成 (940 字符)
[46/97] 查询: いかんによらず/いかんにかかわらず
  ✅ AI生成 (827 字符)
[47/97] 查询: 动词意志形が/动词意志形と
  ✅ AI生成 (847 字符)
[48/97] 查询: 动词意志形が同一动词意志形まいが/动词意志形と同一动词意志形まいと
  ✅ AI生成 (1030 字符)
[49/97] 查询: 动词意志形に同一动词否定形
  ✅ AI生成 (865 字符)
[50/97] 查询: 限りだ
  ✅ AI生成 (767 字符)
[51/97] 查询: (た)が最後
  ✅ AI生成 (748 字符)
[52/97] 查询: かたがた
  ✅ AI生成 (992 字符)
[53/97] 查询: かたわら
  ✅ AI生成 (705 字符)
[54/97] 查询: がてら
  ✅ AI生成 (922 字符)
[55/97] 查询: が早いか
  ✅ AI生成 (793 字符)
[56/97] 查询: からある/(からする)/からの
  ✅ AI生成 (785 字符)
[57/97] 查询: きらいがある
  ✅ AI生成 (754 字符)
[58/97] 查询: 極まる/極まりない/極み
  ✅ AI生成 (905 字符)
[59/97] 查询: あての
  ✅ 缓存命中 (672 字符)
[60/97] 查询: いかんて/いかんによ
  ✅ AI生成 (779 字符)
[61/97] 查询: いかんによらず/いかんにかかわらず
  ✅ 缓存命中 (827 字符)
[62/97] 查询: 动词意志形が/动词意志形と
  ✅ 缓存命中 (847 字符)
[63/97] 查询: 动词意志形が同一动词意志形まいが/动词意志形と同一动词意志形まいと
  ✅ 缓存命中 (1030 字符)
[64/97] 查询: 动词意志形に同一动词否定形
  ✅ 缓存命中 (865 字符)
[65/97] 查询: 限りだ
  ✅ 缓存命中 (767 字符)
[66/97] 查询: (た)が最後
  ✅ 缓存命中 (748 字符)
[67/97] 查询: かたがた
  ✅ 缓存命中 (992 字符)
[68/97] 查询: かたわら
  ✅ 缓存命中 (705 字符)
[69/97] 查询: がてら
  ✅ 缓存命中 (922 字符)
[70/97] 查询: が早いか
  ✅ 缓存命中 (793 字符)
[71/97] 查询: からある/(からする)/からの
  ✅ 缓存命中 (785 字符)
[72/97] 查询: きらいがある
  ✅ 缓存命中 (754 字符)
[73/97] 查询: 極まる/極まりない/の極み
  ✅ AI生成 (940 字符)
[74/97] 查询: ごとき/ごとく/ごとし
  ✅ AI生成 (908 字符)
[75/97] 查询: こととて
  ✅ AI生成 (913 字符)
[76/97] 查询: ことなく/ことなしに(は)
  ✅ AI生成 (830 字符)
[77/97] 查询: ～あげくに（の）
  ✅ AI生成 (828 字符)
[78/97] 查询: ～あっての
  ✅ AI生成 (762 字符)
[79/97] 查询: ～いかんだ
  ✅ AI生成 (672 字符)
[80/97] 查询: ～いかんで
  ✅ AI生成 (656 字符)
[81/97] 查询: ～いかんにかかわらず
  ✅ AI生成 (758 字符)
[82/97] 查询: ～いかんによっては
  ✅ AI生成 (766 字符)
[83/97] 查询: ～いかんによらず
  ✅ AI生成 (740 字符)
[84/97] 查询: ～以上は
  ✅ AI生成 (865 字符)
[85/97] 查询: ～て（は）いられない
  ✅ AI生成 (894 字符)
[86/97] 查询: ～う（よう）が
  ✅ AI生成 (1032 字符)
[87/97] 查询: ～う（よう）が、～まいが
  ✅ AI生成 (1044 字符)
[88/97] 查询: ～う（よう）と、～まいと
  ✅ AI生成 (1008 字符)
[89/97] 查询: ～よ（よう）にも～ない
  ✅ AI生成 (634 字符)
[90/97] 查询: ～う（よう）ものなら
  ✅ AI生成 (721 字符)
[91/97] 查询: ～得（う）る
  ✅ AI生成 (813 字符)
[92/97] 查询: ～おそれがある
  ✅ AI生成 (743 字符)
[93/97] 查询: ～かけだ
  ✅ AI生成 (938 字符)
[94/97] 查询: ～かけの
  ✅ AI生成 (718 字符)
[95/97] 查询: ～がたい
  ✅ AI生成 (806 字符)
[96/97] 查询: ～かたがた
  ✅ AI生成 (774 字符)
[97/97] 查询: ～かたわら
  ✅ AI生成 (981 字符)

============================================================
📊 批量查询完成统计
============================================================
总计: 97 个语法点
成功: 97 个
失败: 0 个
缓存命中: 13 个
新生成: 84 个

结果已保存到: C:\Users\Garo\gokaku\output\grammar_cache_results\batch_results.json
